[   .0000] Initializi croup subss uset
[    0.000000] Initializing cgroup subsys cpu
[    0.000000] Initalzingcgou subss uact
[   0.0000] Linux versio 4.4.0-38-generic (buildd@lgw01-58 (gcc version 5.4.0 20160609 (Ubuntu 5.4.0-6uunt1~6.04.2) ) #57-Ubuntu SM T Sp 6 14233 UTC 2016 (Ubuntu 4.4.0-38.57-generic 4.4.19)
[    0.000000] Command line: BOOT_IMAGE=/boot/vmlinuz-4.4.0-38-generic root=LABEL=cloudimg-rootfs ro console=tty1 console=ttyS0
[    0.000000] KERNEL supported cpus:
[    0.000000]   Intel GenuineIntel
[    0.000000]   AMD AuthenticAMD
[    0.000000]   Centaur CentaurHauls
[    0.000000] x86/fpu: xstate_offset[2]:  576, xstate_sizes[2]:  256
[    0.000000] x86/fpu: Supporting XSAVE feature 0x01: 'x87 floating point registers'
[    0.000000] x86/fpu: Supporting XSAVE feature 0x02: 'SSE registers'
[    0.000000] x86/fpu: Supporting XSAVE feature 0x04: 'AVX registers'
[    0.000000] x86/fpu: Enabled xstate features 0x7, context size is 832 bytes, using 'standard' format.
[    0.000] x86/fpu: Using 'lazy' FPU context switch.
[    0.000000] e820: BIOS-provided physical RAM p:
[   0.000000] BIOS-e820: [mem 0x0000000000000000-0x000000000009fbff] usable
[    0.000000] BIOS-e820: [mem 0x000000000009fc00-0x000000000009ffff] reserved
[    0.000000] BIOS-e820: [mem 0x00000000000f0000-0x00000000000fffff] reserved
[    0.000000] BIOS-e820: [mem 0x0000000000100000-0x000000003ffeffff] usable
[    0.000000] BIOS-e820: [mem 0x000000003fff0000-0x000000003fffffff] ACPI data
[    0.000000] BIOS-e820: [mem 0x00000000fffc0000-0x00000000ffffffff] reserved
[    0.000000] NX (Execute Disable) protection: active
[    0.000000] SMBIOS 2.5 present.
[    0.000000] Hypervisor detected: KVM
[    0.000000] e820: last_pfn = 0x3fff0 max_arch_pfn = 0x400000000
[    0.000000] MTRR:Disabd
[    0.000000] x86/PAT: MTRRs disabled, skipping PAT initialization too.
[    0.000000] x86/PAT: Configuration [0-7]: WB  WT  UC- UC  WB  WT  UC- UC  
[    0.000000] CPU MTRRs all blank - virtualized system.
[    0.000000] found SMP MP-table at [mem 0x0009fff0-0x0009ffff] mapped at [ffff88000009fff0]
[    0.000000] Scanning 1 areas for low memory corruption
[    0.000000] RAMDISK: [mem 0x36fd6000-0x377e2fff]
[    0.000000] ACPI: Early table checksum verification disabled
[   0.000000] ACPI: RSDP 00000000E0000 000024 (v02 VBOX  )
[    0.000000] ACPI: XSDT 0x000000003FFF0030 00003C (v01 VBOX   VBOXXSDT 00000001 ASL  00000061)
  0.00000] ACPI: FACP 0x000000003FFF00F0 0000F4 (v04 VBOX   VBOXFACP 00000001 ASL  00000061)
[    0.000000] ACPI: DSDT 0x000000003FFF0470 002118 (v0VBOX   VBOXBIOS 00000002 INTL 2010058)
[   .00000] ACPI: FACS 0x000000003FFF0200 000040
[    0.000000] ACPI: FACS 0x00000003F02000040
[    0.000] ACPIAPC 0x000003FF02 0005C(v2 VBOX   VBOXAPIC 000000 AL  00000061)
[    0.0000]CP SSDT 0x000000003FFF02A0 0001CC (v01 VBOX   VBOXCPUT 00000002 INTL 20100528)
[    0.000000] No NUMA configuration un
[  0000000] Faking  ndeat [me0x0000000000000-0x000000003ffeffff]
[    0.000000] NODE_DATA(0) allocated [mem 0x3ffeb000-0x3ffeffff]
[    0.000000] kvm-clock: Using msrs 4b564d01 and 4b564d00
[    0.000000] kvm-clock: cpu 0, msr 0:3ffe70, prirycpu clock
[    0.000000] kvm-clock: usingsched offset of 3038456210 cycles
[    0.0000] clckure: m-ock:mask0xfffffffffffffff ma_cles: 0xcde4ffb, max_idle_ns: 881590591483 ns
[    0.000000] Zone ranges:
[    0.000000]   DMA      [mem 0x0000000000001000-0x0000000000ffffff]
[   .0000]  DM2    [me0x00000000000-0x000000003ffeffff]
[    0.000000]   Norma  mpty
   0.00000]   Device   empty
[    0.000]Movablzoe srtor each node
[    0.000000]ary memory node ranges[  0.000]   node 0 [mem 0x0000000000001000-0x000000000009ff
[    0.000000]   node   0: [mem 0x0000000000100000-0x000000003ffeffff]
[    0.000000] Initmem setup node 0 [mem 0x0000000000001000-0x000000003ffeffff]
[    0.000000] ACPI: PM-Timer IO Port: 0x4008
[    0.000000] IOAPIC[0]: apic_id 2, version 17, address 0xfec00000, GSI 0-23
[    0.000000] ACPI: INT_SRC_OVR (bus 0 bus_irq 0 global_irq 2 dfl dfl)
[    0.000000] PI INT_SRC_VRbus 0 bus_irq 9 global_irq 9 high leve
    0.000000] Using ACPI (MADT) for SMP configuration information
[    0.000000] smpboot: Allowing 2 CPUs, 0 hotplug CPUs
[    0.000000] PM: Registered nosave memory: [mem 0x00000000-0x00000fff]
[    0.000000] PM: Registered nosave memory: [mem 0x0009f000-0x0009ffff]
[    0.000000] PM: Registered nosave memory: [mem 0x000a0000-0x000effff]
[    0.000000] PM: Registered nosave memory: [mem 0x000f0000-0x000fffff]
[    0.000000] e820: [mem 0x40000000-0xfffbffffavilable for PCI devices
[   00000]Boin pariralized kernel on KVM
[    0.000000] clocksource: refined-jiffies: mask: 0xffffffff max_cycles: 0xffffffff, max_idle_ns: 7645519600211568 ns
[    0.000000] setup_percpu: NR_CPUS25nrcpma_bts:26 r_cpuid:2nr_node_s:
    0.000000] PERCPU: Embedded 33 pages/cpu @ffff88003fc00000 s98008 r8192 d28968 u1048576
[    0.000000] PV qspinlock hash table entries: 256 (order: 0, 4096 bytes)
[    0.000000] Built 1 zonelists in Node order, mobility grouping on.  Total pages: 257913
[    0.000000] Policy zone: DMA32
[    0.000000] Kernel command line: BOOT_IMAGE=/boot/vmlinuz-4.4.0-38-generic root=LABEL=cloumg-rot r conslety1 conolttS0
[   000000 PD ash bl entrie: 96 (ordr:, 278 te)
[  000000 Mory: 1004392K/1048120K available (8404K kernel code, 1283Krwdat, 44 rda, 48K it 122Kss 4372K seved, 0K cma-reserved)
[    0.000000] SLUB: HWalign=64, Order=0-3, MinObjects=0, CPUs=2, Nodes=1
[    0.00000 Herarchial RCU implemetation.
[    0.000000] 	uid-me adusen of lafanut t 6
    .000] 	U striti CUsfrm R_CPUS=256 to nrcpids=2
[   0.0000 RCU: Ajuing geometry orcufanutea=64, _c_ids=
  0.0000 NR_IRQS1664 nr_iqs:440 16
[    0.000000] Conole: colour VGA+ 80x25
[    0.000000] console [tty1] enabled
[    0.000000] console [ttyS0] enbld
[    0.000000] tsc: Detected 2599.998 MHz processor
[    6.046960] Calibrating delay loop (skipped) preset value.. 5199.99 BogoMIPS (lpj=10399992)
[    6.072876] pid_max: default: 32768 minimum: 301
[    6.078528] ACPI: Core revision 20150930
[    6.096759] ACPI: 2 ACPI AML tables successfully acquired and loaded
[    6.102378] Security Framework initialized
[    6.121638] Yama: becoming mindful.
[    6.151514] AppArmor: AppArmor initialized
[    6.152604] Dentry cache hash table entries: 131072 (order: 8, 1048576 bytes)
[    6.168302] Inode-cache hash table entries: 65536 (order: 7, 524288 bytes)
[    6.173328] Mount-cache hash table entries: 2048 (order: 2, 16384 bytes)
[    6.186662] Mountpoint-cache hash table entries: 2048 (order: 2, 16384 bytes)
[    6.242758] Initializing cgroup subsys io
[    6.246009] Initializing cgroup subsys memory
[    6.258311] Initializing cgroup subsys devices
[    6.259375] Initializing cgroup subsys freezer
[    6.277919] Initializing cgroup subsys net_cls
[    6.343975] Initializing cgroup subsys perf_event
[    6.346335] Initializing cgroup subsys net_prio
[    6.347420] Initializing cgroup subsys hugetlb
[    6.348483] Initializing cgroup subsys pids
[    6.349582] CPU: Physical Processor ID: 0
[    6.382871] CPU: Processor Core ID: 0
[    6.424749] mce: CPU supports 0 MCE banks
[    6.479119] Last level iTLB entries: 4KB 1024, 2MB 1024, 4MB 1024
[    6.503785] Last level dTLB entries: 4KB 1024, 2MB 1024, 4MB 1024, 1GB 4
[    6.507508] Freeing SMP alternatives memory: 32K (ffffffff820b4000 - ffffffff820bc000)
[    6.614322] ftrace: allocating 32006 entries in 126 pages
[    6.732583] smpboot: Max logical packages: 1
[    6.754004] smpboot: APIC(0) Converting physical 0 to logical package 0
[    6.828282] ..TIMER: vector=0x30 apic1=0 pin1=2 apic2=-1 pin2=-1
[    7.034286] smpboot: CPU0: Intel(R) Core(TM) i5-4278U CPU @ 2.60GHz (family: 0x6, model: 0x45, stepping: 0x1)
[    7.174089] Performance Events: unsupported p6 CPU model 69 no PMU driver, software events only.
[    7.251188] KVM setup paravirtual spinlock
[    7.292137] x86: Booting SMP configuration:
[    7.307262] .... node  #0, CPUs:      #1
[    7.368580] kvm-clock: cpu 1, msr 0:3ffe7041, secondary cpu clock
[    7.394139] mce: CPU supports 0 MCE banks
[    7.400730] x86: Booted up 1 node, 2 CPUs
[    7.441403] smpboot: Total of 2 processors activated (10399.99 BogoMIPS)
[    7.483702] devtmpfs: initialized
[    7.507780] evm: security.selinux
[    7.543766] evm: security.SMACK64
[    7.570013] evm: security.SMACK64EXEC
[    7.585146] evm: security.SMACK64TRANSMUTE
[    7.586344] evm: security.SMACK64MMAP
[    7.623931] evm: security.ima
[    7.633031] evm: security.capability
[    7.650957] clocksource: jiffies: mask: 0xffffffff max_cycles: 0xffffffff, max_idle_ns: 7645041785100000 ns
[    7.689486] pinctrl core: initialized pinctrl subsystem
[    7.718830] RTC time:  4:59:47, date: 02/21/17
[    7.723085] NET: Registered protocol family 16
[    7.742612] cpuidle: using governor ladder
[    7.758683] cpuidle: using governor menu
[    7.778842] PCCT header not found.
[    7.809200] ACPI: bus type PCI registered
[    7.838460] acpiphp: ACPI Hot Plug PCI Controller Driver version: 0.5
[    7.870263] PCI: Using configuration type 1 for base access
[    7.920731] ACPI: Added _OSI(Module Device)
[    7.964831] ACPI: Added _OSI(Processor Device)
[    8.001282] ACPI: Added _OSI(3.0 _SCP Extensions)
[    8.028600] ACPI: Added _OSI(Processor Aggregator Device)
[    8.082015] ACPI: Executed 1 blocks of module-level executable AML code
[    8.095537] ACPI: Interpreter enabled
[    8.129164] ACPI Exception: AE_NOT_FOUND, While evaluating Sleep State [\_S1_] (20150930/hwxface-580)
[    8.210538] ACPI Exception: AE_NOT_FOUND, While evaluating Sleep State [\_S2_] (20150930/hwxface-580)
[    8.219383] ACPI Exception: AE_NOT_FOUND, While evaluating Sleep State [\_S3_] (20150930/hwxface-580)
[    8.222963] ACPI Exception: AE_NOT_FOUND, While evaluating Sleep State [\_S4_] (20150930/hwxface-580)
[    8.282982] ACPI: (supports S0 S5)
[    8.300901] ACPI: Using IOAPIC for interrupt routing
[    8.307029] PCI: Using host bridge windows from ACPI; if necessary, use "pci=nocrs" and report a bug
[    8.323746] ACPI: PCI Root Bridge [PCI0] (domain 0000 [bus 00-ff])
[    8.360203] acpi PNP0A03:00: _OSC: OS supports [ASPM ClockPM Segments MSI]
[    8.423025] acpi PNP0A03:00: _OSC failed (AE_NOT_FOUND); disabling ASPM
[    8.452212] acpi PNP0A03:00: fail to add MMCONFIG information, can't access extended PCI configuration space under this bridge.
[    8.511099] PCI host bridge to bus 0000:00
[    8.519242] pci_bus 0000:00: root bus resource [io  0x0000-0x0cf7 window]
[    8.532344] pci_bus 0000:00: root bus resource [io  0x0d00-0xffff window]
[    8.566860] pci_bus 0000:00: root bus resource [mem 0x000a0000-0x000bffff window]
[    8.586733] pci_bus 0000:00: root bus resource [mem 0x40000000-0xffdfffff window]
[    8.588588] pci_bus 0000:00: root bus resource [bus 00-ff]
[    8.611534] pci 0000:00:01.1: legacy IDE quirk: reg 0x10: [io  0x01f0-0x01f7]
[    8.622779] pci 0000:00:01.1: legacy IDE quirk: reg 0x14: [io  0x03f6]
[    8.671490] pci 0000:00:01.1: legacy IDE quirk: reg 0x18: [io  0x0170-0x0177]
[    8.674302] pci 0000:00:01.1: legacy IDE quirk: reg 0x1c: [io  0x0376]
[    8.727982] ACPI: PCI Interrupt Link [LNKA] (IRQs 5 9 10 11) *0, disabled.
[    8.752762] ACPI: PCI Interrupt Link [LNKB] (IRQs 5 9 10 *11)
[    8.779379] ACPI: PCI Interrupt Link [LNKC] (IRQs 5 9 *10 11)
[    8.826795] ACPI: PCI Interrupt Link [LNKD] (IRQs 5 *9 10 11)
[    8.861210] ACPI: Enabled 2 GPEs in block 00 to 07
[    8.901196] vgaarb: setting as boot device: PCI:0000:00:02.0
[    8.913489] vgaarb: device added: PCI:0000:00:02.0,decodes=io+mem,owns=io+mem,locks=none
[    8.915083] vgaarb: loaded
[    8.915703] vgaarb: bridge control possible 0000:00:02.0
[    8.916893] SCSI subsystem initialized
[    8.917849] ACPI: bus type USB registered
[    8.918670] usbcore: registered new interface driver usbfs
[    8.919667] usbcore: registered new interface driver hub
[    8.920689] usbcore: registered new device driver usb
[    8.922008] PCI: Using ACPI for IRQ routing
[    8.934016] NetLabel: Initializing
[    8.952551] NetLabel:  domain hash size = 128
[    8.989236] NetLabel:  protocols = UNLABELED CIPSOv4
[    9.017167] NetLabel:  unlabeled traffic allowed by default
[    9.050645] amd_nb: Cannot enumerate AMD northbridges
[    9.087354] clocksource: Switched to clocksource kvm-clock
[    9.16382Aprm: pAmo FesteEnle
[  9.695968]pn P ACPI iit
[  9.953475] pnp: PnP ACPI: found 3deic
[   10.104655] clocksource: acpi_pm: mask: 0xffffff max_cycles: 0xffffff, max_idle_ns: 2085701024 ns
[   10.198201] NET: Registered protocol family 2
[   10.288363] TCP established hash table entries: 8192 (order: 4, 65536 bytes)
[   10.345992] TCP bind hash table entries: 8192 (order: 5, 131072 bytes)
[   10.449803] TCP: Hash tables configured (established 8192 bind 8192)
[   10.516087] UDP hash table entries: 512 (order: 2, 16384 bytes)
[   10.519338] UDP-Lite hash table entries: 512 (order: 2, 16384 bytes)
[   10.524113] NET: Registered protocol family 1
[   10.549336] pci 0000:00:00.0: Limiting direct PCI/PCI transfers
[   10.554586] pci 0000:00:01.0: Activating ISA DMA hang workarounds
[   10.570305] Trying to unpack rootfs image as initramfs...
[   11.961163] Freeing initrd memory: 8244K (ffff880036fd6000 - ffff8800377e3000)
[   11.971576] RAPL PMU detected, API unit is 2^-32 Joules, 4 fixed counters 10737418240 ms ovfl timer
[   11.996647] hw unit of domain pp0-core 2^-0 Joules
[   12.061728] hw unit of domain package 2^-0 Joules
[   12.073465] hw unit of domain dram 2^-0 Joules
[   12.076516] hw unit of domain pp1-gpu 2^-0 Joules
[   10703plfo r_cs:egteedlaorm RTC device (no PNP device oud)
[ 12.710588] Scanning for ow memory corruption every 60 seconds

[   12.841709] futex hash table entries: 512 (order: 3, 32768 bytes)
[   12.870882] audit: initializing netlink subsys (disabled)
[   12.876823] audit: type=2000 audit(1487653188.827:1): initialized
[   12.889699] Initialise system trusted keyring
[   12.894213] HugeTLB registered 2 MB page size, pre-allocated 0 pages
[   12.904064] zbud: loaded
[   12.913784] VFS: Disk quotas dquot_6.6.0
[   12.917459] VFS: Dquot-cache hash table entries: 512 (order 0, 4096 bytes)
[   12.919218] squashfs: version 4.0 (2009/01/31) Phillip Lougher
[   12.995226] fuse init (API version 7.23)
[   13.015828] Key type big_key registered
[   13.031105] Allocating IMA MOK and blacklist keyrings.
[   13.052182] Key type asymmetric registered
[   13.086349] Asymmetric key parser 'x509' registered
[   13.087415] tsc: Refined TSC clocksource calibration: 2600.692 MHz
[   13.087417] clocksource: tsc: mask: 0xffffffffffffffff max_cycles: 0x257cc9f5222, max_idle_ns: 440795254692 ns
[   13.098586] Block layer SCSI generic (bsg) driver version 0.4 loaded (major 249)
[   13.102016] io scheduler noop registered
[   13.103010] io scheduler deadline registered (default)
[   13.104375] io scheduler cfq registered
[   13.105452] pci_hotplug: PCI Hot Plug PCI Core version: 0.5
[   13.106742] pciehp: PCI Express Hot Plug Controller Driver version: 0.4
[   13.121653] ACPI: AC Adapter [AC] (on-line)
[   13.133971] input: Power Button as /devices/LNXSYSTM:00/LNXPWRBN:00/input/input0
[   13.135842] ACPI: Power Button [PWRF]
[   13.136917] input: Sleep Button as /devices/LNXSYSTM:00/LNXSLPBN:00/input/input1
[   13.138740] ACPI: Sleep Button [SLPF]
[   13.140028] GHES: HEST is not enabled!
[   13.141229] ACPI: Battery Slot [BAT0] (battery present)
[   13.206563] Serial: 8250/16550 driver, 32 ports, IRQ sharing enabled
[   13.267189] 00:02: ttyS0 at I/O 0x3f8 (irq = 4, base_baud = 115200) is a 16550A
[   13.371431] Linux agpgart interface v0.103
[   13.410277] brd: module loaded
[   13.464771] loop: module loaded
[   13.486616] scsi host0: ata_piix
[   13.497352] scsi host1: ata_piix
[   13.517826] ata1: PATA max UDMA/33 cmd 0x1f0 ctl 0x3f6 bmdma 0xd000 irq 14
[   13.519031] ata2: PATA max UDMA/33 cmd 0x170 ctl 0x376 bmdma 0xd008 irq 15
[   13.520826] libphy: Fixed MDIO Bus: probed
[   13.521634] tun: Universal TUN/TAP device driver, 1.6
[   13.522553] tun: (C) 1999-2004 Max Krasnyansky <maxk@qualcomm.com>
[   13.524950] PPP generic driver version 2.4.2
[   13.525902] ehci_hcd: USB 2.0 'Enhanced' Host Controller (EHCI) Driver
[   13.527046] ehci-pci: EHCI PCI platform driver
[   13.527945] ehci-platform: EHCI generic platform driver
[   13.548384] ohci_hcd: USB 1.1 'Open' Host Controller (OHCI) Driver
[   13.603443] ohci-pci: OHCI PCI platform driver
[   13.660417] ohci-platform: OHCI generic platform driver
[   13.703887] uhci_hcd: USB Universal Host Controller Interface driver
[   13.750029] i8042: PNP: PS/2 Controller [PNP0303:PS2K,PNP0f03:PS2M] at 0x60,0x64 irq 1,12
[   13.759047] serio: i8042 KBD port at 0x60,0x64 irq 1
[   13.766518] serio: i8042 AUX port at 0x60,0x64 irq 12
[   13.823813] mousedev: PS/2 mouse device common for all mice
[   13.851829] rtc_cmos rtc_cmos: rtc core: registered rtc_cmos as rtc0
[   13.853068] input: AT Translated Set 2 keyboard as /devices/platform/i8042/serio0/input/input2
[   13.883505] rtc_cmos rtc_cmos: alarms up to one day, 114 bytes nvram
[   13.920416] i2c /dev entries driver
[   13.939902] device-mapper: uevent: version 1.0.3
[   13.971534] device-mapper: ioctl: 4.34.0-ioctl (2015-10-28) initialised: dm-devel@redhat.com
[   13.993488] ledtrig-cpu: registered to indicate activity on CPUs
[   14.045036] NET: Registered protocol family 10
[   14.081618] NET: Registered protocol family 17
[   14.132443] Key type dns_resolver registered
[   14.194477] microcode: CPU0 sig=0x40651, pf=0x40, revision=0x0
[   14.203629] microcode: CPU1 sig=0x40651, pf=0x40, revision=0x0
[   14.283808] microcode: Microcode Update Driver: v2.01 <tigran@aivazian.fsnet.co.uk>, Peter Oruba
[   14.362728] registered taskstats version 1
[   14.402495] Loading compiled-in X.509 certificates
[   14.484681] Loaded X.509 cert 'Build time autogenerated kernel key: 8b9fe5db9540517005e475afed63f7a6645227d6'
[   14.498233] zswap: loaded using pool lzo/zbud
[   14.503315] Key type trusted registered
[   14.547202] Key type encrypted registered
[   14.554444] AppArmor: AppArmor sha1 policy hashing enabled
[   14.555738] ima: No TPM chip found, activating TPM-bypass!
[   14.557070] evm: HMAC attrs: 0x1
[   14.558347]   Magic number: 5:417:970
[   14.559271]   hash matches /build/linux-R0TiM8/linux-4.4.0/drivers/base/power/main.c:816
[   14.561339] rtc_cmos rtc_cmos: setting system clock to 2017-02-21 04:59:54 UTC (1487653194)
[   14.563535] BIOS EDD facility v0.16 2004-Jun-25, 0 devices found
[   14.564923] EDD information not available.
[   14.567175] Freeing unused kernel memory: 1480K (ffffffff81f42000 - ffffffff820b4000)
[   14.569120] Write protecting the kernel read-only data: 14336k
[   14.571061] Freeing unused kernel memory: 1824K (ffff880001838000 - ffff880001a00000)
[   14.573421] Freeing unused kernel memory: 152K (ffff880001dda000 - ffff880001e00000)
Loading, please wait...
[   14.588837] random: systemd-udevd: uninitialized urandom read (16 bytes read, 2 bits of entropy available)
starting version[   14.628675] random: udevadm: uninitialized urandom read (16 bytes read, 2 bits of entropy available)
 229
[   14.628708] random: udevadm: uninitialized urandom read (16 bytes read, 2 bits of entropy available)
[   14.628811] random: udevadm: uninitialized urandom read (16 bytes read, 2 bits of entropy available)
[   14.628848] random: udevadm: uninitialized urandom read (16 bytes read, 2 bits of entropy available)
[   14.628882] random: udevadm: uninitialized urandom read (16 bytes read, 2 bits of entropy available)
[   14.628919] random: udevadm: uninitialized urandom read (16 bytes read, 2 bits of entropy available)
[   14.628951] random: udevadm: uninitialized urandom read (16 bytes read, 2 bits of entropy available)
[   14.628983] random: udevadm: uninitialized urandom read (16 bytes read, 2 bits of entropy available)
[   14.629014] random: udevadm: uninitialized urandom read (16 bytes read, 2 bits of entropy available)
[   15.009489] e1000: Intel(R) PRO/1000 Network Driver - version 7.3.21-k8-NAPI
[   15.035507] e1000: Copyright (c) 1999-2006 Intel Corporation.
[   15.051831] Fusion MPT base driver 3.04.20
[   15.068718] Copyright (c) 1999-2008 LSI Corporation
[   15.133192] AVX version of gcm_enc/dec engaged.
[   15.157676] AES CTR mode by8 optimization enabled
[   15.162615] Fusion MPT SPI Host driver 3.04.20
[   15.299486] input: ImExPS/2 Generic Explorer Mouse as /devices/platform/i8042/serio1/input/input4
[   15.530852] e1000 0000:00:03.0 eth0: (PCI:33MHz:32-bit) 02:a0:3d:de:85:bf
[   15.561810] e1000 0000:00:03.0 eth0: Intel(R) PRO/1000 Network Connection
[   15.596231] mptbase: ioc0: Initiating bringup
[   15.681008] ioc0: LSI53C1030 A0: Capabilities={Initiator}
[   15.875674] scsi host2: ioc0: LSI53C1030 A0, FwRev=00000000h, Ports=1, MaxQ=256, IRQ=20
[   16.048064] scsi 2:0:0:0: Direct-Access     VBOX     HARDDISK         1.0  PQ: 0 ANSI: 5
[   16.090815] scsi target2:0:0: Beginning Domain Validation
[   16.093388] scsi target2:0:0: Domain Validation skipping write tests
[   16.094911] scsi target2:0:0: Ending Domain Validation
[   16.096274] scsi target2:0:0: asynchronous
[   16.103651] scsi 2:0:1:0: Direct-Access     VBOX     HARDDISK         1.0  PQ: 0 ANSI: 5
[   16.111008] scsi target2:0:1: Beginning Domain Validation
[   16.113716] scsi target2:0:1: Domain Validation skipping write tests
[   16.142983] scsi target2:0:1: Ending Domain Validation
[   16.155226] scsi target2:0:1: asynchronous
[   16.271361] sd 2:0:0:0: Attached scsi generic sg0 type 0
[   16.311898] sd 2:0:0:0: [sda] 20971520 512-byte logical blocks: (10.7 GB/10.0 GiB)
[   16.333954] sd 2:0:1:0: Attached scsi generic sg1 type 0
[   16.344279] sd 2:0:0:0: [sda] Write Protect is off
[   16.345607] sd 2:0:0:0: [sda] Incomplete mode parameter data
[   16.347325] sd 2:0:0:0: [sda] Assuming drive cache: write through
[   16.349214] sd 2:0:1:0: [sdb] 20480 512-byte logical blocks: (10.5 MB/10.0 MiB)
[   16.352914] sd 2:0:1:0: [sdb] Write Protect is off
[   16.354279] sd 2:0:1:0: [sdb] Incomplete mode parameter data
[   16.355673] sd 2:0:1:0: [sdb] Assuming drive cache: write through
[   16.357363]  sda: sda1
[   16.370445] sd 2:0:0:0: [sda] Attached SCSI disk
[   16.384183] sd 2:0:1:0: [sdb] Attached SCSI disk
[   16.478508] e1000 0000:00:08.0 eth1: (PCI:33MHz:32-bit) 08:00:27:d6:e7:fa
[   16.531451] e1000 0000:00:08.0 eth1: Intel(R) PRO/1000 Network Connection
[   16.565140] e1000 0000:00:03.0 enp0s3: renamed from eth0
[   16.612260] e1000 0000:00:08.0 enp0s8: renamed from eth1
[   18.124932] floppy0: no floppy controllers found
Begin: Loading e[   19.494576] md: linear personality registered for level -1
ssential drivers ... [   19.516981] md: multipath personality registered for level -4
[   19.540434] md: raid0 personality registered for level 0
[   19.571941] md: raid1 personality registered for level 1
[   19.659515] raid6: sse2x1   gen()  8501 MB/s
[   19.732668] raid6: sse2x1   xor()  7302 MB/s
[   19.823135] raid6: sse2x2   gen() 12042 MB/s
[   19.951989] raid6: sse2x2   xor()  7694 MB/s
[   20.044049] raid6: sse2x4   gen() 11163 MB/s
[   20.111443] raid6: sse2x4   xor()  8380 MB/s
[   20.116910] raid6: using algorithm sse2x2 gen() 12042 MB/s
[   20.135571] raid6: .... xor() 7694 MB/s, rmw enabled
[   20.144394] raid6: using ssse3x2 recovery algorithm
[   20.147191] xor: automatically using best checksumming function:
[   20.215622]    avx       : 20688.000 MB/sec
[   20.227405] async_tx: api initialized (async)
[   20.238682] md: raid6 personality registered for level 6
[   20.241329] md: raid5 personality registered for level 5
[   20.242649] md: raid4 personality registered for level 4
[   20.249425] md: raid10 personality registered for level 10
done.
Begin: Running /scripts/init-premount ... done[   20.288536] Btrfs loaded
.
Begin: Mounting root file system ... Begin: Running /scripts/local-top ... done.
Begin: Runn[   20.344236] EXT4-fs (sda1): mounted filesystem with ordered data mode. Opts: (null)
ing /scripts/local-premount ... Scanning for Btrfs filesystems
done.
Warning: fsck not present, so skipping root file system
done.
Begin: Running /scripts/local-bottom ... done.
Begin: Running /scripts/init-bottom ... Warning: overlayroot: debug is busted
done.
[   20.527946] systemd[1]: systemd 229 running in system mode. (+PAM +AUDIT +SELINUX +IMA +APPARMOR +SMACK +SYSVINIT +UTMP +LIBCRYPTSETUP +GCRYPT +GNUTLS +ACL +XZ -LZ4 +SECCOMP +BLKID +ELFUTILS +KMOD -IDN)
[   20.637296] systemd[1]: Detected virtualization oracle.
[   20.672210] systemd[1]: Detected architecture x86-64.

Welcome to [1mUbuntu 16.04.1 LTS[0m!

[   20.700179] systemd[1]: Set hostname to <ubuntu>.
[   20.713722] systemd[1]: Initializing machine ID from random generator.
[   20.752144] systemd[1]: Installed transient /etc/machine-id file.
[   20.862151] systemd[1]: Listening on Journal Socket.
[[0;32m  OK  [0m] Listening on Journal Socket.
[   20.890372] systemd[1]: Started Forward Password Requests to Wall Directory Watch.
[[0;32m  OK  [0m] Started Forward Password Requests to Wall Directory Watch.
[ 21.016086] systemd[1]: Lisning on Syslog Socket.

[[0;32m  OK  [0m] Listening on Syslog Socket.
[ 217659] sstd[: steningonud Contrl ck.
[[0;32m  OK  [0m] Listening on udev Control Socket.
[   21.733066] systed[]: Lisenngonounal Soke(/v/log).
[[0;32m  OK  [0m] Listening on Journal Socket (/dev/log).
[   2.02] stemd[1]: Reached target Encrypted Volumes.
[[0;32m  OK  [0m] Reached target Encrypted Volumes.
[ 22323]ysmd]:eaedart ap.

[[0;32m  OK  [0m] Reached target Swap.
[   22.888689] systemd[1]: Listening on LVM2 metadata daemon socket.
[[0;32m  OK  [0m] Listening on LVM2 metadata daemon socket.
[   22.915278] systemd[1]: Listening on Journal Audit Socket.
[[0;32m  OK  [0m] Listening on Journal Audit Socket.
[   22.939870] systemd[1]: Listening on LVM2 poll daemon socket.
[[0;32m  OK  [0m] Listening on LVM2 poll daemon socket.
[   22.950114] systemd[1]: Reached target User and Group Name Lookups.
[[0;32m  OK  [0m] Reached target User and Group Name Lookups.
[   2.410] systemd[1]: Set up automount Arbitrary xetae leormats Fleysm tounPot.
[[0;32m  OK  [0m] Set up automount Arbitrary Executab...ats File System Automount Point.
[   23.960761] systemd[1]: Listeing on /dev/initctl Cmpatibility Named Pipe.

[[0;32m  OK  [0m] Listening on /dev/initctl Compatibility Named Pipe.
[   24.073217] systemd[1]: Creedlie erand Ssi Sce

[[0;32m  OK  [0m] Created slice User and Session Slice.
[ 24675] systed[: stinonDevicmapeevent daemon FIFOs.

[[0;32m  OK  [0m] Listening on Device-mapper event daemon FIFOs.
[   25.31383 ste[1: Created slice System Slice.
[[0;32m  OK  [0m] Created slice System Slice.
[   25.536128] systemd[1]: Starting Load Kernel Modules...
         [   25.571192] Loading iSCSI transport class v2.0-870.
Starting Load Kernel Modules...
[   25.583764] systemd[1]: Created slice system-serial\x2dgetty.slice.
[[0;32m  OK  [0m] Created slice system-serial\x2dgetty.slice.
[   25.614315] iscsi: registered transport (tcp)
[   25.614934] systemd[1]: Starting Monitoring of LVM2 mirrors, snapshots etc. using dmeventd or progress polling...
         Starting Monitoring of LVM2 mirrors... dmeventd or progress polling...
[   25.859719] systemd[1]: Mounting Huge Pages File System...
         Mounting Huge Pa[   25.893359] iscsi: registered transport (iser)
ges File System...
[   25.968516] systemd[1]: Starting Uncomplicated firewall...
         Starting Uncomplicated firewall...
[   26.014936] systemd[1]: Mounting POSIX Message Queue File System...
         Mounting POSIX Message Queue File System...
[   26.068479] systemd[1]: Starting Journal Service...
         Starting Journal Service...
[   26.116074] systemd[1]: Starting Create list of required static device nodes for the current kernel...
         Starting Create list of required st... nodes for the current kernel...
[   26.211726] systemd[1]: Reached target Slices.
[[0;32m  OK  [0m] Reached target Slices.
[   26.263835] systemd[1]: Starting Set console keymap...
[   26.313445] random: nonblocking pool is initialized
         Starting Set console keymap...
[   26.339126] systemd[1]: Mounting Debug File System...
         Mounting Debug File System...
[   26.378151] systemd[1]: Starting Nameserver information manager...
         Starting Nameserver information manager...
[   26.460308] systemd[1]: Listening on udev Kernel Socket.
[[0;32m  OK  [0m] Listening on udev Kernel Socket.
[   26.503888] systemd[1]: Starting Remount Root and Kernel File Systems...
         Starting Remount[   26.515491] EXT4-fs (sda1): re-mounted. Opts: (null)
 Root and Kernel File Systems...
[   26.524467] systemd[1]: Mounted Huge Pages File System.
[[0;32m  OK  [0m] Mounted Huge Pages File System.
[   26.534236] systemd[1]: Mounted POSIX Message Queue File System.
[[0;32m  OK  [0m] Mounted POSIX Message Queue File System.
[   26.545035] systemd[1]: Mounted Debug File System.
[[0;32m  OK  [0m] Mounted Debug File System.
[   26.556128] systemd[1]: Started Journal Service.
[[0;32m  OK  [0m] Started Journal Service.
[[0;32m  OK  [0m] Started Load Kernel Modules.
[[0;32m  OK  [0m] Started Uncomplicated firewall.
[[0;32m  OK  [0m] Started Create list of required sta...ce nodes for the current kernel.
[[0;32m  OK  [0m] Started Set console keymap.
[[0;32m  OK  [0m] Started Remount Root and Kernel File Systems.
[[0;32m  OK  [0m] Started Nameserver information manager.
[[0;32m  OK  [0m] Started LVM2 metadata daemon.
         Starting Load/Save Random Seed...
         Starting udev Coldplug all Devices...
         Starting Create Static Device Nodes in /dev...
         Mounting FUSE Control File System...
         Starting Apply Kernel Variables...
         Starting Flush Journal to Persistent Storage...
[[0;32m  OK  [0m] Mounted FUSE Control File System.
[[0;32m  OK  [0m] Started Load/Save Random Seed.
[[0;32m  OK  [0m] Started Create Static Device Nodes in /dev.
[[0;32m  OK  [0m] Started Apply Kernel Variables.
[[0;32m  OK  [0m] Started udev Coldplug all Devices.
[[0;32m  OK  [0m] Started Flush Journal to Persistent Storage.
[[0;32m  OK  [0m] Started Monitoring of LVM2 mirrors,...ng dmeventd or progress polling.
         Starting udev Kernel Device Manager...
[[0;32m  OK  [0m] Started udev Kernel Device Manager.
[[0;32m  OK  [0m] Started Dispatch Password Requests to Console Directory Watch.
[[0;32m  OK  [0m] Reached target Local File Systems (Pre).
[[0;32m  OK  [0m] Reached target Local File Systems.
         Starting Set console font and keymap...
         Starting Initial cloud-init job (pre-networking)...
         Starting Run snappy firstboot setup...
         Starting LSB: AppArmor initialization...
         Starting Tell Plymouth To Write Out Runtime Data...
         Starting Create Volatile Files and Directories...
         Starting Commit a transient machine-id on disk...
[[0;32m  OK  [0m] Started Tell Plymouth To Write Out Runtime Data.
[[0;32m  OK  [0m] Started Run snappy firstboot setup.
[[0;32m  OK  [0m] Started Create Volatile Files and Directories.
[[0;32m  OK  [0m] Started Commit a transient machine-id on disk.
[[0;32m  OK  [0m] Found device /dev/ttyS0.
[[0;32m  OK  [0m] Listening on Load/Save RF Kill Switch Status /dev/rfkill Watch.
[   20.253442] cloud-init[506]: Cloud-init v. 0.7.8 running 'init-local' at Tue, 21 Feb 2017 05:00:08 +0000. Up 19.79 seconds.
         Starting Update UTMP about System Boot/Shutdown...
[[0;32m  OK  [0m] Reached target System Time Synchronized.
[[0;32m  OK  [0m] Started Set console font and keymap.
[[0;32m  OK  [0m] Started LSB: AppArmor initialization.
[[0;32m  OK  [0m] Started Initial cloud-init job (pre-networking).
[[0;32m  OK  [0m] Started Update UTMP about System Boot/Shutdown.
[[0;32m  OK  [0m] Reached target Network (Pre).
         Starting Raise network interfaces...
[[0;32m  OK  [0m] Reached target System Initialization.
[[0;32m  OK  [0m] Started ACPI Events Check.
[[0;32m  OK  [0m] Started Trigger resolvconf update for networkd DNS.
[[0;32m  OK  [0m] Reached target Paths.
[[0;32m  OK  [0m] Started Timer to automatically refresh installed snaps.
[[0;32m  OK  [0m] Started Daily apt activities.
[[0;32m  OK  [0m] Listening on ACPID Listen Socket.
[[0;32m  OK  [0m] Listening on D-Bus System Message Bus Socket.
         Starting LXD - unix socket.
[[0;32m  OK  [0m] Listening on UUID daemon activation socket.
[[0;32m  OK  [0m] Started Daily Cleanup of Temporary Directories.
[[0;32m  OK  [0m] Reached target Timers.
         Starting Socket activation for snappy daemon.
[[0;32m  OK  [0m] Created slice system-getty.slice.
[[0;32m  OK  [0m] Listening on LXD - unix socket.
[[0;32m  OK  [0m] Listening on Socket activation for snappy daemon.
[[0;32m  OK  [0m] Reached target Sockets.
[[0;32m  OK  [0m] Reached target Basic System.
[[0;32m  OK  [0m] Started Snappy daemon.
         Starting Login Service...
         Starting LSB: Record successful boot for GRUB...
[[0;32m  OK  [0m] Started ACPI event daemon.
         Starting System Logging Service...
         Starting LSB: MD monitoring daemon...
         Starting LXD - container startup/shutdown...
[[0;32m  OK  [0m] Started Regular background program processing daemon.
[[0;32m  OK  [0m] Started D-Bus System Message Bus.
         Starting Accounts Service...
[[0;32m  OK  [0m] Started Deferred execution scheduler.
[[0;32m  OK  [0m] Started FUSE filesystem for LXC.
[[0;32m  OK  [0m] Started System Logging Service.
[[0;32m  OK  [0m] Started LXD - container startup/shutdown.
[[0;32m  OK  [0m] Started LSB: Record successful boot for GRUB.
[[0;32m  OK  [0m] Started LSB: MD monitoring daemon.
[[0;32m  OK  [0m] Started Login Service.
         Starting Authenticate and Authorize Users to Run Privileged Tasks...
[[0;32m  OK  [0m] Started Authenticate and Authorize Users to Run Privileged Tasks.
[[0;32m  OK  [0m] Started Accounts Service.
[[0;32m  OK  [0m] Started Raise network interfaces.
[[0;32m  OK  [0m] Reached target Network.
         Starting Initial cloud-init job (metadata service crawler)...
[   23.292179] cloud-init[1011]: Cloud-init v. 0.7.8 running 'init' at Tue, 21 Feb 2017 05:00:11 +0000. Up 22.70 seconds.
[   23.332622] cloud-init[1011]: ci-info: ++++++++++++++++++++++++++++++++++++++Net device info++++++++++++++++++++++++++++++++++++++
[   23.408983] cloud-init[1011]: ci-info: +--------+-------+----------------------------+---------------+-------+-------------------+
[[0;32m  OK  [0m] Started Initial cloud-init job (metadata service crawler).
[   23.409989] cloud-init[1011]: ci-info: | Device |   Up  |          Address           |      Mask     | Scope |     Hw-Address    |
[[   23.524632] cloud-init[1011]: ci-info: +--------+-------+----------------------------+---------------+-------+-------------------+
[   23.525154] cloud-init[1011]: ci-info: |   lo   |  True |         127.0.0.1          |   255.0.0.0   |   .   |         .         |
[0;32m  OK  [0m] Reached target Cloud-config availability.
[   23.525448] cloud-init[1011]: ci-info: |   lo   |  True |          ::1/128           |       .       |  host |         .         |
[   23.662195] cloud-init[1011]: ci-info: | enp0s3 |  True |         10.0.2.15          | 255.255.255.0 |   .   | 02:a0:3d:de:85:bf |
[   23.662375] cloud-init[1011]: ci-info: | enp0s3 |  True | fe80::a0:3dff:fede:85bf/64 |       .       |  link | 02:a0:3d:de:85:bf |
[   23.662412] cloud-init[1011]: ci-info: | enp0s8 | False |             .              |       .       |   .   | 08:00:27:d6:e7:fa |
[[0;32m  OK  [0m] Reached target Network is Online.
[   23.662636] cloud-init[1011]: ci-info: +--------+-------+----------------------------+---------------+-------+-------------------+
[   24.041550] cloud-init[1011]: ci-info: +++++++++++++++++++++++++++Route IPv4 info++++++++++++++++++++++++++++
[   24.042040] cloud-init[1011]: ci-info: +-------+-------------+----------+---------------+-----------+-------+         
Starting iSCSI initiator daemon (iscsid)...
[   24.042391] cloud-init[1011]: ci-info: | Route | Destination | Gateway  |    Genmask    | Interface | Flags |
[   24.332622] cloud-init[1011]: ci-info: +-------+-------------+----------+---------------+-----------+-------+
         [   24.332966] Starting /etc/rc.local Compatibility...cloud-init
[1011]: ci-info: |   0   |   0.0.0.0   | 10.0.2.2 |    0.0.0.0    |   enp0s3  |   UG  |
[   24.352425] cloud-init[1011]: ci-info: |   1   |   10.0.2.0  | 0.0.0.0  | 255.255.255.0 |   enp0s3  |   U   |
[   24.400529] cloud-init[1011]: ci-info: +-------+-------------+----------+---------------+-----------+-------+
         Starting Apply the settings specified in cloud-config...
[   24.409758] cloud-init[1011]: Generating public/private rsa key pair.
[   24.433061] cloud-init[1011]: Your identification has been saved in /etc/ssh/ssh_host_rsa_key.
         Starting Pollinate to seed the pseudo random number generator...
[   24.452213] cloud-init[1011]: Your public key has been saved in /etc/ssh/ssh_host_rsa_key.pub.
[   24.582098] cloud-init[1011]: The key fingerprint is:
[   24.582652] cloud-init[1011]: SHA256:kl+7VfstHw4HNb7k6dni+SyeEKt+rei0SsQF5jsIQgI root@ubuntu-xenial
[[0;32m  OK  [0m] Started /etc/rc.local Compatibility.
[   24.582853] cloud-init[1011]: The key's randomart image is:
[   24.640514] cloud-init[1011]: +---[RSA 2048]----+
[   24.641245] cloud-init[1011]: |E .     o        |
[[0;32m  OK  [0m] Started iSCSI initiator daemon (iscsid).
[   24.641728] cloud-init[1011]: | o     o .       |
[   24.680438] cloud-init[1011]: |  . .   . .    o |
[   24.712506] cloud-init[1011]: |   . . + o    o .|
         Starting Login to default iSCSI targets...
[   24.746776] cloud-init[1011]: |      + S . ...o |
[[0;32m  OK  [0m] Started Login to default iSCSI targets.
[[0;32m  OK  [0m] Reached target Remote File Systems (Pre).
[[0;32m  OK  [0m] Reached target Remote File Systems.
[   24.800567] cloud-init[1011]: |       + o . ++.o|
[   24.928674]          cloud-initStarting Permit User Sessions...[1011]: 
|        o o +o.* |
[   25.002350]          cloud-initStarting LSB: VirtualBox Linux Additions...[1011]: 
|       . . *..X==|
[   25.027090]          Starting LSB: daemon to balance interrupts for SMP systems...
         Starting LSB: automatic crash report generation...
cloud-init[1011]: |        .+B..+=XB|
         Starting LSB: Set the CPU Frequency Scaling governor to "ondemand"...
[[0;32m  OK  [0m] Started Permit User Sessions.
[   25.086678] cloud-init[1011]: +----[SHA256]-----+
[   25.146284] cloud-init[1011]: Generating public/private dsa key pair.
[   25.154315] cloud-init[1011]: Your identification has been saved in /etc/ssh/ssh_host_dsa_key.
[   25.159302] cloud-init[1011]: Your public key has been saved in /etc/ssh/ssh_host_dsa_key.pub.
[   25.178876]          Starting Terminate Plymouth Boot Screen...
         Starting Hold until boot process finishes up...
[[0;32m  OK  [0m] Started LSB: daemon to balance interrupts for SMP systems.
[[0;32m  OK  [0m] Started LSB: automatic crash report generation.
[[0;32m  OK  [0m] Started LSB: Set the CPU Frequency Scaling governor to "ondemand".
cloud-init[1011]: The key fingerprint is:
[   25.263065] [cloud-init[0;32m  OK  [0m[1011]: ] SHA256:BRfHSePWj1huwnAdvrf+8VC3gCmj5Xv5NmspMPmi/a8 root@ubuntu-xenialStarted Terminate Plymouth Boot Screen.

[   25.263558] [cloud-init[0;32m  OK  [0m[1011]: ] The key's randomart image is:Started LSB: VirtualBox Linux Additions.

[   25.312770] cloud-init[1011]: +---[DSA 1024]----+
[[0;32m  OK  [0m] Started Hold until boot process finishes up.
[   25.354780] cloud-init[1011]: |        . o++..  |
[   25.396548] cloud-init[1011]: |         o oo= . |
[   25.409423] cloud-init[1011]: |          o + =  |
[   25.411191] cloud-init[1011]: |         . =o+ + |
[   25.424695] [[0;32m  OK  [0m] Started Getty on tty1.
cloud-init[1011]: |        S+.o+.= =|
[   25.430570] cloud-init[1011]: |        ++o  o.o+|
[   25.445993] [cloud-init[0;32m  OK  [0m[1011]: ] |       . .+ . o+ |Started Serial Getty on ttyS0.

[[0;32m  OK  [0m] Reached target Login Prompts.
[   25.446553] cloud-init[1011]: |        ...= =..o|
[   25.493402] cloud-init[1011]: |       ..o+EB+o.+|
[   25.510354]          Starting Set console scheme...
[[0;32m  OK  [0m] Started Set console scheme.
cloud-init[1011]: +----[SHA256]-----+
[   25.519785] cloud-init[1011]: Generating public/private ecdsa key pair.
[   25.600443] cloud-init[1011]: Your identification has been saved in /etc/ssh/ssh_host_ecdsa_key.
[   25.629310] cloud-init[1011]: Your public key has been saved in /etc/ssh/ssh_host_ecdsa_key.pub.
[   25.648301] cloud-init[1011]: The key fingerprint is:
[   25.704506] cloud-init[1011]: SHA256:bVOaJVlaOOUBfOHhhU8wVsczNbc596bNyIW7VzP9+D0 root@ubuntu-xenial
[   25.719119] cloud-init[1011]: The key's randomart image is:
[   25.720894] cloud-init[1011]: +---[ECDSA 256]---+
[   25.732384] cloud-init[1011]: |         ..+@=oo=|
[   25.752394] cloud-init[1011]: |          +Xo=.+*|
[   25.786375] cloud-init[1011]: |          +o*o ++|
[   25.788954] cloud-init[1011]: |         . *  ..+|
[   25.793014] cloud-init[1011]: |        S *   . =|
[   25.836482] cloud-init[1011]: |         . . . @o|
[   25.888500] cloud-init[1011]: |              =.B|
[   25.922638] cloud-init[1011]: |              .E+|
[   25.930506] cloud-init[1011]: |              .o+|
[   25.952571] cloud-init[1011]: +----[SHA256]-----+
[   25.994333] cloud-init[1011]: Generating public/private ed25519 key pair.
[   25.999279] cloud-init[1011]: Your identification has been saved in /etc/ssh/ssh_host_ed25519_key.
[   26.029600] cloud-init[1011]: Your public key has been saved in /etc/ssh/ssh_host_ed25519_key.pub.
[   26.079180] cloud-init[1011]: The key fingerprint is:
[   26.093014] cloud-init[1011]: SHA256:i08comGpNEM/9nsT+612+MKBzgRkgJ2Dr2y24feOG1M root@ubuntu-xenial
[   26.102020] cloud-init[1011]: The key's randomart image is:
[   26.113482] cloud-init[1011]: +--[ED25519 256]--+
[   26.117469] cloud-init[1011]: |   +.o           |
[   26.124678] cloud-init[1011]: |  o + o          |
[   26.144778] cloud-init[1011]: |  .. +           |
[   26.156603] cloud-init[1011]: | . ....          |
[   26.204610] cloud-init[1011]: | .+.B E.S.       |
[   26.224564] cloud-init[1011]: | .** * ++o.      |
[   26.243356] cloud-init[1011]: | +.o+ o+++ o     |
[   26.282263] cloud-init[1011]: |  o .+ +* =..    |
[[0;32m  OK  [0m] Stopped OpenBSD Secure Shell server.
[   26.296402] cloud-init[1011]: |   .o++..+o=o    |
[   26.302961] cloud-init[1011]: +----[SHA256]-----+
         Starting OpenBSD Secure Shell server...
[   26.332617] cloud-init[1101]: Generating locales (this might take a while)...
[   26.337628] cloud-init[1101]:   en_US.UTF-8... done
[[0;32m  OK  [0m] Started OpenBSD Secure Shell server.
[   26.343194] cloud-init[1101]: Generation complete.
[   26.648508] cloud-init[1101]: Cloud-init v. 0.7.8 running 'modules:config' at Tue, 21 Feb 2017 05:00:13 +0000. Up 24.81 seconds.
[[0;32m  OK  [0m] Started Apply the settings specified in cloud-config.
[[0;32m  OK  [0m] Created slice User Slice of ubuntu.
         Starting User Manager for UID 1000...
[[0;32m  OK  [0m] Started Session 1 of user ubuntu.
[[0;32m  OK  [0m] Started User Manager for UID 1000.
[[0;32m  OK  [0m] Started Pollinate to seed the pseudo random number generator.
[[0;32m  OK  [0m] Reached target Multi-User System.
         Starting Notify bootloader that boot was successful...
[[0;32m  OK  [0m] Reached target Graphical Interface.
         Starting Update UTMP about System Runlevel Changes...
         Starting Execute cloud user/final scripts...
[[0;32m  OK  [0m] Started Notify bootloader that boot was successful.
[[0;32m  OK  [0m] Started Update UTMP about System Runlevel Changes.
ci-info: +++++Authorized keys from /home/ubuntu/.ssh/authorized_keys for user ubuntu++++++
ci-info: +---------+-------------------------------------------------+---------+---------+
ci-info: | Keytype |                Fingerprint (md5)                | Options | Comment |
ci-info: +---------+-------------------------------------------------+---------+---------+
ci-info: | ssh-rsa | f3:88:34:9f:50:44:49:e5:6f:73:1e:41:9e:f4:53:ce |    -    | vagrant |
ci-info: +---------+-------------------------------------------------+---------+---------+
<14>Feb 21 05:00:18 ec2: 
<14>Feb 21 05:00:18 ec2: #############################################################
<14>Feb 21 05:00:18 ec2: -----BEGIN SSH HOST KEY FINGERPRINTS-----
<14>Feb 21 05:00:18 ec2: 1024 SHA256:BRfHSePWj1huwnAdvrf+8VC3gCmj5Xv5NmspMPmi/a8 root@ubuntu-xenial (DSA)
<14>Feb 21 05:00:18 ec2: 256 SHA256:bVOaJVlaOOUBfOHhhU8wVsczNbc596bNyIW7VzP9+D0 root@ubuntu-xenial (ECDSA)
<14>Feb 21 05:00:18 ec2: 256 SHA256:i08comGpNEM/9nsT+612+MKBzgRkgJ2Dr2y24feOG1M root@ubuntu-xenial (ED25519)
<14>Feb 21 05:00:18 ec2: 2048 SHA256:kl+7VfstHw4HNb7k6dni+SyeEKt+rei0SsQF5jsIQgI root@ubuntu-xenial (RSA)
<14>Feb 21 05:00:18 ec2: -----END SSH HOST KEY FINGERPRINTS-----
<14>Feb 21 05:00:18 ec2: #############################################################
-----BEGIN SSH HOST KEY KEYS-----
ecdsa-sha2-nistp256 AAAAE2VjZHNhLXNoYTItbmlzdHAyNTYAAAAIbmlzdHAyNTYAAABBBLoHKfBl0qX9RT9ykOYsBxYtmJAT8DeXVybUiKn9QWoqQnnwmsqMiiyY2dIX/ZR7CW4ml9lWB7waBN+UozFybAs= root@ubuntu-xenial
ssh-ed25519 AAAAC3NzaC1lZDI1NTE5AAAAIGRjOfRyx0hb8UJlPSwmdTGhzb7sx4JHMlbbU2GdUOWo root@ubuntu-xenial
ssh-rsa AAAAB3NzaC1yc2EAAAADAQABAAABAQC2xHiHxulqYfEuvnADfxswit3la5WNuBBtf390SB5aFkUl5BpT38DpExv2NVzRKyIt52LSEPqO+da1N+ed+Lqy7CHK+jfEVpauibCxbWWc8d3Z+5/SA0/bHTF4OL6WoQe2kvVXy894wlZx95XgJgYD04V+bV8LQcPjTWc98Vw8NEQoyszm7tcfD4JCHsXyJFBj9JUSVa7ZJqLPlM4cEkhZFNWtiBvMLVXcs3xwvEOvcNY2tkkV225BUSRtLg75pp37nIukQYJ11tJmZgelmelwVr9roZ9bUIdd+yXuSSr0BrY/plhdZAQjs/Ul2m0auZ39Ep92hlLtMpebLifnVm9B root@ubuntu-xenial
-----END SSH HOST KEY KEYS-----
[   30.850889] cloud-init[1462]: Cloud-init v. 0.7.8 running 'modules:final' at Tue, 21 Feb 2017 05:00:18 +0000. Up 29.83 seconds.
[   30.851166] cloud-init[1462]: Cloud-init v. 0.7.8 finished at Tue, 21 Feb 2017 05:00:19 +0000. Datasource DataSourceNoCloud [seed=/dev/sdb][dsmode=net].  Up 30.83 seconds

Ubuntu 16.04.1 LTS ubuntu-xenial ttyS0

ubuntu-xenial login: 